
Memory Configuration

Name             Origin             Length             Attributes
CCMRAM           0x0000000010000000 0x0000000000010000 xrw
RAM              0x0000000020000000 0x0000000000020000 xrw
FLASH            0x0000000008000000 0x0000000000100000 xr
*default*        0x0000000000000000 0xffffffffffffffff

Linker script and memory map

LOAD main.o
LOAD startup.o
                0x0000000000000200                _Min_Heap_Size = 0x200
                0x0000000000000400                _Min_Stack_Size = 0x400

.isr_vector     0x0000000008000000       0x10
                0x0000000008000000                . = ALIGN (0x4)
 *(.isr_vector)
 .isr_vector    0x0000000008000000       0x10 startup.o
                0x0000000008000000                vector

.text           0x0000000008000010       0x26
                0x0000000008000010                . = ALIGN (0x4)
 *(.text)
 .text          0x0000000008000010        0xe main.o
                0x0000000008000010                main
 .text          0x000000000800001e       0x18 startup.o
                0x000000000800001e                reset_handler
                0x000000000800002a                default_handler
                0x000000000800002a                nmi_handler
                0x0000000008000036                _etext = .

.glue_7         0x0000000008000038        0x0
 .glue_7        0x0000000008000038        0x0 linker stubs

.glue_7t        0x0000000008000038        0x0
 .glue_7t       0x0000000008000038        0x0 linker stubs

.vfp11_veneer   0x0000000008000038        0x0
 .vfp11_veneer  0x0000000008000038        0x0 linker stubs

.v4_bx          0x0000000008000038        0x0
 .v4_bx         0x0000000008000038        0x0 linker stubs

.iplt           0x0000000008000038        0x0
 .iplt          0x0000000008000038        0x0 startup.o

.rodata         0x0000000008000038        0x9
                0x0000000008000038                . = ALIGN (0x4)
 *(.rodata)
 .rodata        0x0000000008000038        0x9 main.o
                0x0000000008000038                data
                0x000000000800003c                data1
                0x0000000008000040                data2

.rel.dyn        0x0000000008000044        0x0
 .rel.iplt      0x0000000008000044        0x0 startup.o

.data           0x0000000020000000       0x2c load address 0x0000000008000041
                0x0000000020000000                . = ALIGN (0x4)
                0x0000000020000000                _sdata = .
 *(.data)
 .data          0x0000000020000000       0x28 main.o
                0x0000000020000000                data_a
 .data          0x0000000020000028        0x4 startup.o
                0x0000000020000028                extern_
                0x000000002000002c                _edata = .

.igot.plt       0x000000002000002c        0x0 load address 0x000000000800006d
 .igot.plt      0x000000002000002c        0x0 startup.o

.bss            0x000000002000002c       0x28 load address 0x000000000800006d
                0x000000002000002c                . = ALIGN (0x4)
 *(COMMON)
                0x000000002000002c                _sbss = .
 *(.bss)
 .bss           0x000000002000002c       0x28 main.o
                0x000000002000002c                data1_a
 .bss           0x0000000020000054        0x0 startup.o
OUTPUT(main.elf elf32-littlearm)
LOAD linker stubs

.comment        0x0000000000000000       0x49
 .comment       0x0000000000000000       0x49 main.o
                                         0x4a (size before relaxing)
 .comment       0x0000000000000049       0x4a startup.o

.ARM.attributes
                0x0000000000000000       0x2e
 .ARM.attributes
                0x0000000000000000       0x2e main.o
 .ARM.attributes
                0x000000000000002e       0x2e startup.o
